Archive member included to satisfy reference by file (symbol)

f:/ohjelmat/microchip/xc8/v2.32/avr/bin/../lib/gcc/avr/5.4.0/avrxmega3\libgcc.a(_udivmodhi4.o)
                              build/default/production/FreeRTOS/Source/queue.o (__udivmodhi4)
f:/ohjelmat/microchip/xc8/v2.32/avr/bin/../lib/gcc/avr/5.4.0/avrxmega3\libgcc.a(_exit.o)
                              F:/Ohjelmat/MPLABX/v5.50/packs/Microchip/ATmega_DFP/2.3.126/xc8/avr/lib/avrxmega3/crtatmega4809.o (exit)
f:/ohjelmat/microchip/xc8/v2.32/avr/bin/../lib/gcc/avr/5.4.0/avrxmega3\libgcc.a(_tablejump2.o)
                              build/default/production/FreeRTOS/Source/timers.o (__tablejump2__)
f:/ohjelmat/microchip/xc8/v2.32/avr/bin/../lib/gcc/avr/5.4.0/avrxmega3\libgcc.a(_copy_data.o)
                              build/default/production/FreeRTOS/Source/tasks.o (__do_copy_data)
f:/ohjelmat/microchip/xc8/v2.32/avr/bin/../lib/gcc/avr/5.4.0/../../../../avr/lib/avrxmega3\libc.a(memcpy.o)
                              build/default/production/FreeRTOS/Source/queue.o (memcpy)
f:/ohjelmat/microchip/xc8/v2.32/avr/bin/../lib/gcc/avr/5.4.0/../../../../avr/lib/avrxmega3\libc.a(strncpy.o)
                              build/default/production/lcd.o (strncpy)
f:/ohjelmat/microchip/xc8/v2.32/avr/bin/../lib/gcc/avr/5.4.0/../../../../avr/lib/avrxmega3\libc.a(sprintf.o)
                              build/default/production/uart.o (sprintf)
f:/ohjelmat/microchip/xc8/v2.32/avr/bin/../lib/gcc/avr/5.4.0/../../../../avr/lib/avrxmega3\libc.a(vfprintf_std.o)
                              f:/ohjelmat/microchip/xc8/v2.32/avr/bin/../lib/gcc/avr/5.4.0/../../../../avr/lib/avrxmega3\libc.a(sprintf.o) (vfprintf)
f:/ohjelmat/microchip/xc8/v2.32/avr/bin/../lib/gcc/avr/5.4.0/../../../../avr/lib/avrxmega3\libc.a(strnlen_P.o)
                              f:/ohjelmat/microchip/xc8/v2.32/avr/bin/../lib/gcc/avr/5.4.0/../../../../avr/lib/avrxmega3\libc.a(vfprintf_std.o) (strnlen_P)
f:/ohjelmat/microchip/xc8/v2.32/avr/bin/../lib/gcc/avr/5.4.0/../../../../avr/lib/avrxmega3\libc.a(strnlen.o)
                              f:/ohjelmat/microchip/xc8/v2.32/avr/bin/../lib/gcc/avr/5.4.0/../../../../avr/lib/avrxmega3\libc.a(vfprintf_std.o) (strnlen)
f:/ohjelmat/microchip/xc8/v2.32/avr/bin/../lib/gcc/avr/5.4.0/../../../../avr/lib/avrxmega3\libc.a(fputc.o)
                              f:/ohjelmat/microchip/xc8/v2.32/avr/bin/../lib/gcc/avr/5.4.0/../../../../avr/lib/avrxmega3\libc.a(vfprintf_std.o) (fputc)
f:/ohjelmat/microchip/xc8/v2.32/avr/bin/../lib/gcc/avr/5.4.0/../../../../avr/lib/avrxmega3\libc.a(ultoa_invert.o)
                              f:/ohjelmat/microchip/xc8/v2.32/avr/bin/../lib/gcc/avr/5.4.0/../../../../avr/lib/avrxmega3\libc.a(vfprintf_std.o) (__ultoa_invert)
f:/ohjelmat/microchip/xc8/v2.32/avr/bin/../lib/gcc/avr/5.4.0/avrxmega3\libgcc.a(_prologue.o)
                              f:/ohjelmat/microchip/xc8/v2.32/avr/bin/../lib/gcc/avr/5.4.0/../../../../avr/lib/avrxmega3\libc.a(sprintf.o) (__prologue_saves__)
f:/ohjelmat/microchip/xc8/v2.32/avr/bin/../lib/gcc/avr/5.4.0/avrxmega3\libgcc.a(_epilogue.o)
                              f:/ohjelmat/microchip/xc8/v2.32/avr/bin/../lib/gcc/avr/5.4.0/../../../../avr/lib/avrxmega3\libc.a(sprintf.o) (__epilogue_restores__)

Allocating common symbols
Common symbol       size              file

backlight_time      0x2               build/default/production/backlight.o
xQueueRegistry      0x8               build/default/production/FreeRTOS/Source/queue.o
adc_result          0x6               build/default/production/backlight.o
mutex_handle        0x2               build/default/production/main.o
leftmost_char       0x1               build/default/production/main.o
direction           0x1               build/default/production/main.o
display_mode        0x1               build/default/production/main.o
lcd_queue           0x2               build/default/production/main.o
lower_display_text  0x14              build/default/production/main.o
last_pm             0x2               build/default/production/backlight.o

Discarded input sections

 .data          0x0000000000000000        0x0 F:/Ohjelmat/MPLABX/v5.50/packs/Microchip/ATmega_DFP/2.3.126/xc8/avr/lib/avrxmega3/crtatmega4809.o
 .bss           0x0000000000000000        0x0 F:/Ohjelmat/MPLABX/v5.50/packs/Microchip/ATmega_DFP/2.3.126/xc8/avr/lib/avrxmega3/crtatmega4809.o
 .text          0x0000000000000000        0x0 build/default/production/FreeRTOS/Source/list.o
 .data          0x0000000000000000        0x0 build/default/production/FreeRTOS/Source/list.o
 .bss           0x0000000000000000        0x0 build/default/production/FreeRTOS/Source/list.o
 .text.vListInsertEnd
                0x0000000000000000       0x42 build/default/production/FreeRTOS/Source/list.o
 .text          0x0000000000000000        0x0 build/default/production/FreeRTOS/Source/queue.o
 .data          0x0000000000000000        0x0 build/default/production/FreeRTOS/Source/queue.o
 .bss           0x0000000000000000        0x0 build/default/production/FreeRTOS/Source/queue.o
 .text.xQueueGiveMutexRecursive
                0x0000000000000000       0x46 build/default/production/FreeRTOS/Source/queue.o
 .text.xQueueGiveFromISR
                0x0000000000000000       0x52 build/default/production/FreeRTOS/Source/queue.o
 .text.xQueueTakeMutexRecursive
                0x0000000000000000       0x48 build/default/production/FreeRTOS/Source/queue.o
 .text.xQueuePeek
                0x0000000000000000      0x128 build/default/production/FreeRTOS/Source/queue.o
 .text.xQueueReceiveFromISR
                0x0000000000000000       0x6e build/default/production/FreeRTOS/Source/queue.o
 .text.xQueuePeekFromISR
                0x0000000000000000       0x2e build/default/production/FreeRTOS/Source/queue.o
 .text.uxQueueMessagesWaiting
                0x0000000000000000       0x10 build/default/production/FreeRTOS/Source/queue.o
 .text.uxQueueSpacesAvailable
                0x0000000000000000       0x14 build/default/production/FreeRTOS/Source/queue.o
 .text.uxQueueMessagesWaitingFromISR
                0x0000000000000000        0x6 build/default/production/FreeRTOS/Source/queue.o
 .text.xQueueIsQueueEmptyFromISR
                0x0000000000000000        0xc build/default/production/FreeRTOS/Source/queue.o
 .text.xQueueIsQueueFullFromISR
                0x0000000000000000        0xe build/default/production/FreeRTOS/Source/queue.o
 .text.xQueueCRSend
                0x0000000000000000       0x72 build/default/production/FreeRTOS/Source/queue.o
 .text.xQueueCRReceive
                0x0000000000000000       0x92 build/default/production/FreeRTOS/Source/queue.o
 .text.xQueueCRSendFromISR
                0x0000000000000000       0x48 build/default/production/FreeRTOS/Source/queue.o
 .text.xQueueCRReceiveFromISR
                0x0000000000000000       0x82 build/default/production/FreeRTOS/Source/queue.o
 .text.pcQueueGetName
                0x0000000000000000       0x40 build/default/production/FreeRTOS/Source/queue.o
 .text.vQueueUnregisterQueue
                0x0000000000000000       0x3c build/default/production/FreeRTOS/Source/queue.o
 .text.vQueueDelete
                0x0000000000000000       0x16 build/default/production/FreeRTOS/Source/queue.o
 .text          0x0000000000000000        0x0 build/default/production/FreeRTOS/Source/tasks.o
 .data          0x0000000000000000        0x0 build/default/production/FreeRTOS/Source/tasks.o
 .bss           0x0000000000000000        0x0 build/default/production/FreeRTOS/Source/tasks.o
 .text.vTaskPrioritySet
                0x0000000000000000      0x13a build/default/production/FreeRTOS/Source/tasks.o
 .text.vTaskResume
                0x0000000000000000       0xe6 build/default/production/FreeRTOS/Source/tasks.o
 .text.vTaskEndScheduler
                0x0000000000000000        0xc build/default/production/FreeRTOS/Source/tasks.o
 .text.xTaskGetTickCountFromISR
                0x0000000000000000        0xa build/default/production/FreeRTOS/Source/tasks.o
 .text.uxTaskGetNumberOfTasks
                0x0000000000000000        0x6 build/default/production/FreeRTOS/Source/tasks.o
 .text.pcTaskGetName
                0x0000000000000000       0x10 build/default/production/FreeRTOS/Source/tasks.o
 .text.xTaskDelayUntil
                0x0000000000000000       0x8e build/default/production/FreeRTOS/Source/tasks.o
 .text.xTaskCatchUpTicks
                0x0000000000000000       0x28 build/default/production/FreeRTOS/Source/tasks.o
 .text.vTaskSuspend
                0x0000000000000000       0xa4 build/default/production/FreeRTOS/Source/tasks.o
 .text.vTaskPlaceOnUnorderedEventList
                0x0000000000000000       0x8c build/default/production/FreeRTOS/Source/tasks.o
 .text.vTaskRemoveFromUnorderedEventList
                0x0000000000000000      0x14e build/default/production/FreeRTOS/Source/tasks.o
 .text.vTaskSetTimeOutState
                0x0000000000000000       0x20 build/default/production/FreeRTOS/Source/tasks.o
 .text.xTaskGetCurrentTaskHandle
                0x0000000000000000        0xa build/default/production/FreeRTOS/Source/tasks.o
 .text.uxTaskResetEventItemValue
                0x0000000000000000       0x2e build/default/production/FreeRTOS/Source/tasks.o
 .text.ulTaskGenericNotifyTake
                0x0000000000000000      0x102 build/default/production/FreeRTOS/Source/tasks.o
 .text.xTaskGenericNotifyWait
                0x0000000000000000      0x142 build/default/production/FreeRTOS/Source/tasks.o
 .text.xTaskGenericNotify
                0x0000000000000000      0x204 build/default/production/FreeRTOS/Source/tasks.o
 .text.xTaskGenericNotifyFromISR
                0x0000000000000000      0x258 build/default/production/FreeRTOS/Source/tasks.o
 .text.vTaskGenericNotifyGiveFromISR
                0x0000000000000000      0x194 build/default/production/FreeRTOS/Source/tasks.o
 .text.xTaskGenericNotifyStateClear
                0x0000000000000000       0x34 build/default/production/FreeRTOS/Source/tasks.o
 .text.ulTaskGenericNotifyValueClear
                0x0000000000000000       0x68 build/default/production/FreeRTOS/Source/tasks.o
 .text          0x0000000000000000        0x0 build/default/production/FreeRTOS/Source/timers.o
 .data          0x0000000000000000        0x0 build/default/production/FreeRTOS/Source/timers.o
 .bss           0x0000000000000000        0x0 build/default/production/FreeRTOS/Source/timers.o
 .text.xTimerGetTimerDaemonTaskHandle
                0x0000000000000000        0xa build/default/production/FreeRTOS/Source/timers.o
 .text.xTimerGetPeriod
                0x0000000000000000        0x8 build/default/production/FreeRTOS/Source/timers.o
 .text.vTimerSetReloadMode
                0x0000000000000000       0x22 build/default/production/FreeRTOS/Source/timers.o
 .text.uxTimerGetReloadMode
                0x0000000000000000       0x16 build/default/production/FreeRTOS/Source/timers.o
 .text.xTimerGetExpiryTime
                0x0000000000000000        0x8 build/default/production/FreeRTOS/Source/timers.o
 .text.pcTimerGetName
                0x0000000000000000        0x8 build/default/production/FreeRTOS/Source/timers.o
 .text.pvTimerGetTimerID
                0x0000000000000000       0x12 build/default/production/FreeRTOS/Source/timers.o
 .text.vTimerSetTimerID
                0x0000000000000000       0x12 build/default/production/FreeRTOS/Source/timers.o
 .text          0x0000000000000000        0x0 build/default/production/FreeRTOS/Source/portable/ThirdParty/Partner-Supported-Ports/GCC/AVR_Mega0/port.o
 .data          0x0000000000000000        0x0 build/default/production/FreeRTOS/Source/portable/ThirdParty/Partner-Supported-Ports/GCC/AVR_Mega0/port.o
 .bss           0x0000000000000000        0x0 build/default/production/FreeRTOS/Source/portable/ThirdParty/Partner-Supported-Ports/GCC/AVR_Mega0/port.o
 .text.vPortEndScheduler
                0x0000000000000000        0x2 build/default/production/FreeRTOS/Source/portable/ThirdParty/Partner-Supported-Ports/GCC/AVR_Mega0/port.o
 .text.vPortYieldFromISR
                0x0000000000000000       0xb2 build/default/production/FreeRTOS/Source/portable/ThirdParty/Partner-Supported-Ports/GCC/AVR_Mega0/port.o
 .text          0x0000000000000000        0x0 build/default/production/FreeRTOS/Source/portable/MemMang/heap_1.o
 .data          0x0000000000000000        0x0 build/default/production/FreeRTOS/Source/portable/MemMang/heap_1.o
 .bss           0x0000000000000000        0x0 build/default/production/FreeRTOS/Source/portable/MemMang/heap_1.o
 .text.vPortInitialiseBlocks
                0x0000000000000000        0xa build/default/production/FreeRTOS/Source/portable/MemMang/heap_1.o
 .text.xPortGetFreeHeapSize
                0x0000000000000000       0x12 build/default/production/FreeRTOS/Source/portable/MemMang/heap_1.o
 .text          0x0000000000000000        0x0 build/default/production/main.o
 .data          0x0000000000000000        0x0 build/default/production/main.o
 .bss           0x0000000000000000        0x0 build/default/production/main.o
 .text.clock_init
                0x0000000000000000       0x1a build/default/production/main.o
 .text          0x0000000000000000        0x0 build/default/production/uart.o
 .data          0x0000000000000000        0x0 build/default/production/uart.o
 .bss           0x0000000000000000        0x0 build/default/production/uart.o
 .text.usart_read
                0x0000000000000000       0x10 build/default/production/uart.o
 .text          0x0000000000000000        0x0 build/default/production/lcd.o
 .data          0x0000000000000000        0x0 build/default/production/lcd.o
 .bss           0x0000000000000000        0x0 build/default/production/lcd.o
 .text          0x0000000000000000        0x0 build/default/production/adc.o
 .data          0x0000000000000000        0x0 build/default/production/adc.o
 .bss           0x0000000000000000        0x0 build/default/production/adc.o
 .text          0x0000000000000000        0x0 build/default/production/backlight.o
 .data          0x0000000000000000        0x0 build/default/production/backlight.o
 .bss           0x0000000000000000        0x0 build/default/production/backlight.o
 .text          0x0000000000000000        0x0 build/default/production/display.o
 .data          0x0000000000000000        0x0 build/default/production/display.o
 .bss           0x0000000000000000        0x0 build/default/production/display.o
 .text          0x0000000000000000        0x0 build/default/production/dummy.o
 .data          0x0000000000000000        0x0 build/default/production/dummy.o
 .bss           0x0000000000000000        0x0 build/default/production/dummy.o
 .text          0x0000000000000000        0x0 f:/ohjelmat/microchip/xc8/v2.32/avr/bin/../lib/gcc/avr/5.4.0/avrxmega3\libgcc.a(_udivmodhi4.o)
 .data          0x0000000000000000        0x0 f:/ohjelmat/microchip/xc8/v2.32/avr/bin/../lib/gcc/avr/5.4.0/avrxmega3\libgcc.a(_udivmodhi4.o)
 .bss           0x0000000000000000        0x0 f:/ohjelmat/microchip/xc8/v2.32/avr/bin/../lib/gcc/avr/5.4.0/avrxmega3\libgcc.a(_udivmodhi4.o)
 .text.libgcc.mul
                0x0000000000000000        0x0 f:/ohjelmat/microchip/xc8/v2.32/avr/bin/../lib/gcc/avr/5.4.0/avrxmega3\libgcc.a(_udivmodhi4.o)
 .stack.descriptors
                0x0000000000000000       0x1a f:/ohjelmat/microchip/xc8/v2.32/avr/bin/../lib/gcc/avr/5.4.0/avrxmega3\libgcc.a(_udivmodhi4.o)
 .text.libgcc   0x0000000000000000        0x0 f:/ohjelmat/microchip/xc8/v2.32/avr/bin/../lib/gcc/avr/5.4.0/avrxmega3\libgcc.a(_udivmodhi4.o)
 .text.libgcc.prologue
                0x0000000000000000        0x0 f:/ohjelmat/microchip/xc8/v2.32/avr/bin/../lib/gcc/avr/5.4.0/avrxmega3\libgcc.a(_udivmodhi4.o)
 .text.libgcc.builtins
                0x0000000000000000        0x0 f:/ohjelmat/microchip/xc8/v2.32/avr/bin/../lib/gcc/avr/5.4.0/avrxmega3\libgcc.a(_udivmodhi4.o)
 .text.libgcc.fmul
                0x0000000000000000        0x0 f:/ohjelmat/microchip/xc8/v2.32/avr/bin/../lib/gcc/avr/5.4.0/avrxmega3\libgcc.a(_udivmodhi4.o)
 .text.libgcc.fixed
                0x0000000000000000        0x0 f:/ohjelmat/microchip/xc8/v2.32/avr/bin/../lib/gcc/avr/5.4.0/avrxmega3\libgcc.a(_udivmodhi4.o)
 .text          0x0000000000000000        0x0 f:/ohjelmat/microchip/xc8/v2.32/avr/bin/../lib/gcc/avr/5.4.0/avrxmega3\libgcc.a(_exit.o)
 .data          0x0000000000000000        0x0 f:/ohjelmat/microchip/xc8/v2.32/avr/bin/../lib/gcc/avr/5.4.0/avrxmega3\libgcc.a(_exit.o)
 .bss           0x0000000000000000        0x0 f:/ohjelmat/microchip/xc8/v2.32/avr/bin/../lib/gcc/avr/5.4.0/avrxmega3\libgcc.a(_exit.o)
 .text.libgcc.mul
                0x0000000000000000        0x0 f:/ohjelmat/microchip/xc8/v2.32/avr/bin/../lib/gcc/avr/5.4.0/avrxmega3\libgcc.a(_exit.o)
 .text.libgcc.div
                0x0000000000000000        0x0 f:/ohjelmat/microchip/xc8/v2.32/avr/bin/../lib/gcc/avr/5.4.0/avrxmega3\libgcc.a(_exit.o)
 .text.libgcc   0x0000000000000000        0x0 f:/ohjelmat/microchip/xc8/v2.32/avr/bin/../lib/gcc/avr/5.4.0/avrxmega3\libgcc.a(_exit.o)
 .text.libgcc.prologue
                0x0000000000000000        0x0 f:/ohjelmat/microchip/xc8/v2.32/avr/bin/../lib/gcc/avr/5.4.0/avrxmega3\libgcc.a(_exit.o)
 .stack.descriptors
                0x0000000000000000       0x13 f:/ohjelmat/microchip/xc8/v2.32/avr/bin/../lib/gcc/avr/5.4.0/avrxmega3\libgcc.a(_exit.o)
 .text.libgcc.builtins
                0x0000000000000000        0x0 f:/ohjelmat/microchip/xc8/v2.32/avr/bin/../lib/gcc/avr/5.4.0/avrxmega3\libgcc.a(_exit.o)
 .text.libgcc.fmul
                0x0000000000000000        0x0 f:/ohjelmat/microchip/xc8/v2.32/avr/bin/../lib/gcc/avr/5.4.0/avrxmega3\libgcc.a(_exit.o)
 .text.libgcc.fixed
                0x0000000000000000        0x0 f:/ohjelmat/microchip/xc8/v2.32/avr/bin/../lib/gcc/avr/5.4.0/avrxmega3\libgcc.a(_exit.o)
 .text          0x0000000000000000        0x0 f:/ohjelmat/microchip/xc8/v2.32/avr/bin/../lib/gcc/avr/5.4.0/avrxmega3\libgcc.a(_tablejump2.o)
 .data          0x0000000000000000        0x0 f:/ohjelmat/microchip/xc8/v2.32/avr/bin/../lib/gcc/avr/5.4.0/avrxmega3\libgcc.a(_tablejump2.o)
 .bss           0x0000000000000000        0x0 f:/ohjelmat/microchip/xc8/v2.32/avr/bin/../lib/gcc/avr/5.4.0/avrxmega3\libgcc.a(_tablejump2.o)
 .text.libgcc.mul
                0x0000000000000000        0x0 f:/ohjelmat/microchip/xc8/v2.32/avr/bin/../lib/gcc/avr/5.4.0/avrxmega3\libgcc.a(_tablejump2.o)
 .text.libgcc.div
                0x0000000000000000        0x0 f:/ohjelmat/microchip/xc8/v2.32/avr/bin/../lib/gcc/avr/5.4.0/avrxmega3\libgcc.a(_tablejump2.o)
 .text.libgcc.prologue
                0x0000000000000000        0x0 f:/ohjelmat/microchip/xc8/v2.32/avr/bin/../lib/gcc/avr/5.4.0/avrxmega3\libgcc.a(_tablejump2.o)
 .stack.descriptors
                0x0000000000000000       0x1c f:/ohjelmat/microchip/xc8/v2.32/avr/bin/../lib/gcc/avr/5.4.0/avrxmega3\libgcc.a(_tablejump2.o)
 .text.libgcc.builtins
                0x0000000000000000        0x0 f:/ohjelmat/microchip/xc8/v2.32/avr/bin/../lib/gcc/avr/5.4.0/avrxmega3\libgcc.a(_tablejump2.o)
 .text.libgcc.fmul
                0x0000000000000000        0x0 f:/ohjelmat/microchip/xc8/v2.32/avr/bin/../lib/gcc/avr/5.4.0/avrxmega3\libgcc.a(_tablejump2.o)
 .text.libgcc.fixed
                0x0000000000000000        0x0 f:/ohjelmat/microchip/xc8/v2.32/avr/bin/../lib/gcc/avr/5.4.0/avrxmega3\libgcc.a(_tablejump2.o)
 .text          0x0000000000000000        0x0 f:/ohjelmat/microchip/xc8/v2.32/avr/bin/../lib/gcc/avr/5.4.0/avrxmega3\libgcc.a(_copy_data.o)
 .data          0x0000000000000000        0x0 f:/ohjelmat/microchip/xc8/v2.32/avr/bin/../lib/gcc/avr/5.4.0/avrxmega3\libgcc.a(_copy_data.o)
 .bss           0x0000000000000000        0x0 f:/ohjelmat/microchip/xc8/v2.32/avr/bin/../lib/gcc/avr/5.4.0/avrxmega3\libgcc.a(_copy_data.o)
 .text.libgcc.mul
                0x0000000000000000        0x0 f:/ohjelmat/microchip/xc8/v2.32/avr/bin/../lib/gcc/avr/5.4.0/avrxmega3\libgcc.a(_copy_data.o)
 .text.libgcc.div
                0x0000000000000000        0x0 f:/ohjelmat/microchip/xc8/v2.32/avr/bin/../lib/gcc/avr/5.4.0/avrxmega3\libgcc.a(_copy_data.o)
 .text.libgcc   0x0000000000000000        0x0 f:/ohjelmat/microchip/xc8/v2.32/avr/bin/../lib/gcc/avr/5.4.0/avrxmega3\libgcc.a(_copy_data.o)
 .text.libgcc.prologue
                0x0000000000000000        0x0 f:/ohjelmat/microchip/xc8/v2.32/avr/bin/../lib/gcc/avr/5.4.0/avrxmega3\libgcc.a(_copy_data.o)
 .text.libgcc.builtins
                0x0000000000000000        0x0 f:/ohjelmat/microchip/xc8/v2.32/avr/bin/../lib/gcc/avr/5.4.0/avrxmega3\libgcc.a(_copy_data.o)
 .text.libgcc.fmul
                0x0000000000000000        0x0 f:/ohjelmat/microchip/xc8/v2.32/avr/bin/../lib/gcc/avr/5.4.0/avrxmega3\libgcc.a(_copy_data.o)
 .text.libgcc.fixed
                0x0000000000000000        0x0 f:/ohjelmat/microchip/xc8/v2.32/avr/bin/../lib/gcc/avr/5.4.0/avrxmega3\libgcc.a(_copy_data.o)
 .text          0x0000000000000000        0x0 f:/ohjelmat/microchip/xc8/v2.32/avr/bin/../lib/gcc/avr/5.4.0/../../../../avr/lib/avrxmega3\libc.a(memcpy.o)
 .data          0x0000000000000000        0x0 f:/ohjelmat/microchip/xc8/v2.32/avr/bin/../lib/gcc/avr/5.4.0/../../../../avr/lib/avrxmega3\libc.a(memcpy.o)
 .bss           0x0000000000000000        0x0 f:/ohjelmat/microchip/xc8/v2.32/avr/bin/../lib/gcc/avr/5.4.0/../../../../avr/lib/avrxmega3\libc.a(memcpy.o)
 .stack.descriptors
                0x0000000000000000       0x14 f:/ohjelmat/microchip/xc8/v2.32/avr/bin/../lib/gcc/avr/5.4.0/../../../../avr/lib/avrxmega3\libc.a(memcpy.o)
 .text          0x0000000000000000        0x0 f:/ohjelmat/microchip/xc8/v2.32/avr/bin/../lib/gcc/avr/5.4.0/../../../../avr/lib/avrxmega3\libc.a(strncpy.o)
 .data          0x0000000000000000        0x0 f:/ohjelmat/microchip/xc8/v2.32/avr/bin/../lib/gcc/avr/5.4.0/../../../../avr/lib/avrxmega3\libc.a(strncpy.o)
 .bss           0x0000000000000000        0x0 f:/ohjelmat/microchip/xc8/v2.32/avr/bin/../lib/gcc/avr/5.4.0/../../../../avr/lib/avrxmega3\libc.a(strncpy.o)
 .stack.descriptors
                0x0000000000000000       0x15 f:/ohjelmat/microchip/xc8/v2.32/avr/bin/../lib/gcc/avr/5.4.0/../../../../avr/lib/avrxmega3\libc.a(strncpy.o)
 .text          0x0000000000000000        0x0 f:/ohjelmat/microchip/xc8/v2.32/avr/bin/../lib/gcc/avr/5.4.0/../../../../avr/lib/avrxmega3\libc.a(sprintf.o)
 .data          0x0000000000000000        0x0 f:/ohjelmat/microchip/xc8/v2.32/avr/bin/../lib/gcc/avr/5.4.0/../../../../avr/lib/avrxmega3\libc.a(sprintf.o)
 .bss           0x0000000000000000        0x0 f:/ohjelmat/microchip/xc8/v2.32/avr/bin/../lib/gcc/avr/5.4.0/../../../../avr/lib/avrxmega3\libc.a(sprintf.o)
 .stack.descriptors
                0x0000000000000000       0x15 f:/ohjelmat/microchip/xc8/v2.32/avr/bin/../lib/gcc/avr/5.4.0/../../../../avr/lib/avrxmega3\libc.a(sprintf.o)
 .text          0x0000000000000000        0x0 f:/ohjelmat/microchip/xc8/v2.32/avr/bin/../lib/gcc/avr/5.4.0/../../../../avr/lib/avrxmega3\libc.a(vfprintf_std.o)
 .data          0x0000000000000000        0x0 f:/ohjelmat/microchip/xc8/v2.32/avr/bin/../lib/gcc/avr/5.4.0/../../../../avr/lib/avrxmega3\libc.a(vfprintf_std.o)
 .bss           0x0000000000000000        0x0 f:/ohjelmat/microchip/xc8/v2.32/avr/bin/../lib/gcc/avr/5.4.0/../../../../avr/lib/avrxmega3\libc.a(vfprintf_std.o)
 .stack.descriptors
                0x0000000000000000       0x16 f:/ohjelmat/microchip/xc8/v2.32/avr/bin/../lib/gcc/avr/5.4.0/../../../../avr/lib/avrxmega3\libc.a(vfprintf_std.o)
 .text          0x0000000000000000        0x0 f:/ohjelmat/microchip/xc8/v2.32/avr/bin/../lib/gcc/avr/5.4.0/../../../../avr/lib/avrxmega3\libc.a(strnlen_P.o)
 .data          0x0000000000000000        0x0 f:/ohjelmat/microchip/xc8/v2.32/avr/bin/../lib/gcc/avr/5.4.0/../../../../avr/lib/avrxmega3\libc.a(strnlen_P.o)
 .bss           0x0000000000000000        0x0 f:/ohjelmat/microchip/xc8/v2.32/avr/bin/../lib/gcc/avr/5.4.0/../../../../avr/lib/avrxmega3\libc.a(strnlen_P.o)
 .stack.descriptors
                0x0000000000000000       0x17 f:/ohjelmat/microchip/xc8/v2.32/avr/bin/../lib/gcc/avr/5.4.0/../../../../avr/lib/avrxmega3\libc.a(strnlen_P.o)
 .text          0x0000000000000000        0x0 f:/ohjelmat/microchip/xc8/v2.32/avr/bin/../lib/gcc/avr/5.4.0/../../../../avr/lib/avrxmega3\libc.a(strnlen.o)
 .data          0x0000000000000000        0x0 f:/ohjelmat/microchip/xc8/v2.32/avr/bin/../lib/gcc/avr/5.4.0/../../../../avr/lib/avrxmega3\libc.a(strnlen.o)
 .bss           0x0000000000000000        0x0 f:/ohjelmat/microchip/xc8/v2.32/avr/bin/../lib/gcc/avr/5.4.0/../../../../avr/lib/avrxmega3\libc.a(strnlen.o)
 .stack.descriptors
                0x0000000000000000       0x15 f:/ohjelmat/microchip/xc8/v2.32/avr/bin/../lib/gcc/avr/5.4.0/../../../../avr/lib/avrxmega3\libc.a(strnlen.o)
 .text          0x0000000000000000        0x0 f:/ohjelmat/microchip/xc8/v2.32/avr/bin/../lib/gcc/avr/5.4.0/../../../../avr/lib/avrxmega3\libc.a(fputc.o)
 .data          0x0000000000000000        0x0 f:/ohjelmat/microchip/xc8/v2.32/avr/bin/../lib/gcc/avr/5.4.0/../../../../avr/lib/avrxmega3\libc.a(fputc.o)
 .bss           0x0000000000000000        0x0 f:/ohjelmat/microchip/xc8/v2.32/avr/bin/../lib/gcc/avr/5.4.0/../../../../avr/lib/avrxmega3\libc.a(fputc.o)
 .stack.descriptors
                0x0000000000000000       0x13 f:/ohjelmat/microchip/xc8/v2.32/avr/bin/../lib/gcc/avr/5.4.0/../../../../avr/lib/avrxmega3\libc.a(fputc.o)
 .text          0x0000000000000000        0x0 f:/ohjelmat/microchip/xc8/v2.32/avr/bin/../lib/gcc/avr/5.4.0/../../../../avr/lib/avrxmega3\libc.a(ultoa_invert.o)
 .data          0x0000000000000000        0x0 f:/ohjelmat/microchip/xc8/v2.32/avr/bin/../lib/gcc/avr/5.4.0/../../../../avr/lib/avrxmega3\libc.a(ultoa_invert.o)
 .bss           0x0000000000000000        0x0 f:/ohjelmat/microchip/xc8/v2.32/avr/bin/../lib/gcc/avr/5.4.0/../../../../avr/lib/avrxmega3\libc.a(ultoa_invert.o)
 .stack.descriptors
                0x0000000000000000       0x1c f:/ohjelmat/microchip/xc8/v2.32/avr/bin/../lib/gcc/avr/5.4.0/../../../../avr/lib/avrxmega3\libc.a(ultoa_invert.o)
 .text          0x0000000000000000        0x0 f:/ohjelmat/microchip/xc8/v2.32/avr/bin/../lib/gcc/avr/5.4.0/avrxmega3\libgcc.a(_prologue.o)
 .data          0x0000000000000000        0x0 f:/ohjelmat/microchip/xc8/v2.32/avr/bin/../lib/gcc/avr/5.4.0/avrxmega3\libgcc.a(_prologue.o)
 .bss           0x0000000000000000        0x0 f:/ohjelmat/microchip/xc8/v2.32/avr/bin/../lib/gcc/avr/5.4.0/avrxmega3\libgcc.a(_prologue.o)
 .text.libgcc.mul
                0x0000000000000000        0x0 f:/ohjelmat/microchip/xc8/v2.32/avr/bin/../lib/gcc/avr/5.4.0/avrxmega3\libgcc.a(_prologue.o)
 .text.libgcc.div
                0x0000000000000000        0x0 f:/ohjelmat/microchip/xc8/v2.32/avr/bin/../lib/gcc/avr/5.4.0/avrxmega3\libgcc.a(_prologue.o)
 .text.libgcc   0x0000000000000000        0x0 f:/ohjelmat/microchip/xc8/v2.32/avr/bin/../lib/gcc/avr/5.4.0/avrxmega3\libgcc.a(_prologue.o)
 .text.libgcc.builtins
                0x0000000000000000        0x0 f:/ohjelmat/microchip/xc8/v2.32/avr/bin/../lib/gcc/avr/5.4.0/avrxmega3\libgcc.a(_prologue.o)
 .text.libgcc.fmul
                0x0000000000000000        0x0 f:/ohjelmat/microchip/xc8/v2.32/avr/bin/../lib/gcc/avr/5.4.0/avrxmega3\libgcc.a(_prologue.o)
 .text.libgcc.fixed
                0x0000000000000000        0x0 f:/ohjelmat/microchip/xc8/v2.32/avr/bin/../lib/gcc/avr/5.4.0/avrxmega3\libgcc.a(_prologue.o)
 .text          0x0000000000000000        0x0 f:/ohjelmat/microchip/xc8/v2.32/avr/bin/../lib/gcc/avr/5.4.0/avrxmega3\libgcc.a(_epilogue.o)
 .data          0x0000000000000000        0x0 f:/ohjelmat/microchip/xc8/v2.32/avr/bin/../lib/gcc/avr/5.4.0/avrxmega3\libgcc.a(_epilogue.o)
 .bss           0x0000000000000000        0x0 f:/ohjelmat/microchip/xc8/v2.32/avr/bin/../lib/gcc/avr/5.4.0/avrxmega3\libgcc.a(_epilogue.o)
 .text.libgcc.mul
                0x0000000000000000        0x0 f:/ohjelmat/microchip/xc8/v2.32/avr/bin/../lib/gcc/avr/5.4.0/avrxmega3\libgcc.a(_epilogue.o)
 .text.libgcc.div
                0x0000000000000000        0x0 f:/ohjelmat/microchip/xc8/v2.32/avr/bin/../lib/gcc/avr/5.4.0/avrxmega3\libgcc.a(_epilogue.o)
 .text.libgcc   0x0000000000000000        0x0 f:/ohjelmat/microchip/xc8/v2.32/avr/bin/../lib/gcc/avr/5.4.0/avrxmega3\libgcc.a(_epilogue.o)
 .text.libgcc.builtins
                0x0000000000000000        0x0 f:/ohjelmat/microchip/xc8/v2.32/avr/bin/../lib/gcc/avr/5.4.0/avrxmega3\libgcc.a(_epilogue.o)
 .text.libgcc.fmul
                0x0000000000000000        0x0 f:/ohjelmat/microchip/xc8/v2.32/avr/bin/../lib/gcc/avr/5.4.0/avrxmega3\libgcc.a(_epilogue.o)
 .text.libgcc.fixed
                0x0000000000000000        0x0 f:/ohjelmat/microchip/xc8/v2.32/avr/bin/../lib/gcc/avr/5.4.0/avrxmega3\libgcc.a(_epilogue.o)

Memory Configuration

Name             Origin             Length             Attributes
text             0x0000000000000000 0x000000000000c000 xr
data             0x0000000000802800 0x0000000000001800 rw !x
eeprom           0x0000000000810000 0x0000000000000100 rw !x
fuse             0x0000000000820000 0x000000000000000a rw !x
lock             0x0000000000830000 0x0000000000000400 rw !x
signature        0x0000000000840000 0x0000000000000400 rw !x
user_signatures  0x0000000000850000 0x0000000000000400 rw !x
*default*        0x0000000000000000 0xffffffffffffffff

Linker script and memory map

Address of section .data set to 0x802800
                0x0000000000004000                __RODATA_PM_OFFSET__ = 0x4000
LOAD F:/Ohjelmat/MPLABX/v5.50/packs/Microchip/ATmega_DFP/2.3.126/xc8/avr/lib/avrxmega3/crtatmega4809.o
                0x0000000000000001                __MPLAB_BUILD = 0x1
LOAD build/default/production/FreeRTOS/Source/list.o
LOAD build/default/production/FreeRTOS/Source/queue.o
LOAD build/default/production/FreeRTOS/Source/tasks.o
LOAD build/default/production/FreeRTOS/Source/timers.o
LOAD build/default/production/FreeRTOS/Source/portable/ThirdParty/Partner-Supported-Ports/GCC/AVR_Mega0/port.o
LOAD build/default/production/FreeRTOS/Source/portable/MemMang/heap_1.o
LOAD build/default/production/main.o
LOAD build/default/production/uart.o
LOAD build/default/production/lcd.o
LOAD build/default/production/adc.o
LOAD build/default/production/backlight.o
LOAD build/default/production/display.o
LOAD build/default/production/dummy.o
START GROUP
LOAD f:/ohjelmat/microchip/xc8/v2.32/avr/bin/../lib/gcc/avr/5.4.0/../../../../avr/lib/avrxmega3\libm.a
END GROUP
START GROUP
LOAD f:/ohjelmat/microchip/xc8/v2.32/avr/bin/../lib/gcc/avr/5.4.0/avrxmega3\libgcc.a
LOAD f:/ohjelmat/microchip/xc8/v2.32/avr/bin/../lib/gcc/avr/5.4.0/../../../../avr/lib/avrxmega3\libm.a
LOAD f:/ohjelmat/microchip/xc8/v2.32/avr/bin/../lib/gcc/avr/5.4.0/../../../../avr/lib/avrxmega3\libc.a
LOAD F:/Ohjelmat/MPLABX/v5.50/packs/Microchip/ATmega_DFP/2.3.126/xc8/avr/lib/avrxmega3\libatmega4809.a
END GROUP
                [0x0000000000000000]                __TEXT_REGION_ORIGIN__ = DEFINED (__TEXT_REGION_ORIGIN__)?__TEXT_REGION_ORIGIN__:0x0
                [0x0000000000802800]                __DATA_REGION_ORIGIN__ = DEFINED (__DATA_REGION_ORIGIN__)?__DATA_REGION_ORIGIN__:0x802000
                [0x000000000000c000]                __TEXT_REGION_LENGTH__ = DEFINED (__TEXT_REGION_LENGTH__)?__TEXT_REGION_LENGTH__:0x100000
                [0x0000000000001800]                __DATA_REGION_LENGTH__ = DEFINED (__DATA_REGION_LENGTH__)?__DATA_REGION_LENGTH__:0xffa0
                [0x0000000000000100]                __EEPROM_REGION_LENGTH__ = DEFINED (__EEPROM_REGION_LENGTH__)?__EEPROM_REGION_LENGTH__:0x10000
                [0x000000000000000a]                __FUSE_REGION_LENGTH__ = DEFINED (__FUSE_REGION_LENGTH__)?__FUSE_REGION_LENGTH__:0x400
                0x0000000000000400                __LOCK_REGION_LENGTH__ = DEFINED (__LOCK_REGION_LENGTH__)?__LOCK_REGION_LENGTH__:0x400
                0x0000000000000400                __SIGNATURE_REGION_LENGTH__ = DEFINED (__SIGNATURE_REGION_LENGTH__)?__SIGNATURE_REGION_LENGTH__:0x400
                0x0000000000000400                __USER_SIGNATURE_REGION_LENGTH__ = DEFINED (__USER_SIGNATURE_REGION_LENGTH__)?__USER_SIGNATURE_REGION_LENGTH__:0x400
                0x0000000000008000                __RODATA_PM_OFFSET__ = DEFINED (__RODATA_PM_OFFSET__)?__RODATA_PM_OFFSET__:0x8000

.hash
 *(.hash)

.dynsym
 *(.dynsym)

.dynstr
 *(.dynstr)

.gnu.version
 *(.gnu.version)

.gnu.version_d
 *(.gnu.version_d)

.gnu.version_r
 *(.gnu.version_r)

.rel.init
 *(.rel.init)

.rela.init
 *(.rela.init)

.rel.text
 *(.rel.text)
 *(.rel.text.*)
 *(.rel.gnu.linkonce.t*)

.rela.text
 *(.rela.text)
 *(.rela.text.*)
 *(.rela.gnu.linkonce.t*)

.rel.fini
 *(.rel.fini)

.rela.fini
 *(.rela.fini)

.rel.rodata
 *(.rel.rodata)
 *(.rel.rodata.*)
 *(.rel.gnu.linkonce.r*)

.rela.rodata
 *(.rela.rodata)
 *(.rela.rodata.*)
 *(.rela.gnu.linkonce.r*)

.rel.data
 *(.rel.data)
 *(.rel.data.*)
 *(.rel.gnu.linkonce.d*)

.rela.data
 *(.rela.data)
 *(.rela.data.*)
 *(.rela.gnu.linkonce.d*)

.rel.ctors
 *(.rel.ctors)

.rela.ctors
 *(.rela.ctors)

.rel.dtors
 *(.rel.dtors)

.rela.dtors
 *(.rela.dtors)

.rel.got
 *(.rel.got)

.rela.got
 *(.rela.got)

.rel.bss
 *(.rel.bss)

.rela.bss
 *(.rela.bss)

.rel.plt
 *(.rel.plt)

.rela.plt
 *(.rela.plt)

.text           0x0000000000000000      0x118
 *(.vectors)
 .vectors       0x0000000000000000       0xa0 F:/Ohjelmat/MPLABX/v5.50/packs/Microchip/ATmega_DFP/2.3.126/xc8/avr/lib/avrxmega3/crtatmega4809.o
                0x0000000000000000                __vector_default
                0x0000000000000000                __vectors
 *(.vectors)
 *(.progmem.gcc*)
 .progmem.gcc_sw_table.prvTimerTask
                0x00000000000000a0       0x12 build/default/production/FreeRTOS/Source/timers.o
 *(.dinit)
 .dinit         0x00000000000000b2       0x11 data_init
                0x00000000000000c4                . = ALIGN (0x2)
 *fill*         0x00000000000000c3        0x1 
                0x00000000000000c4                __trampolines_start = .
 *(.trampolines)
 .trampolines   0x00000000000000c4        0x0 linker stubs
 *(.trampolines*)
                0x00000000000000c4                __trampolines_end = .
 *libprintf_flt.a:*(.progmem.data)
 *libc.a:*(.progmem.data)
                0x00000000000000c4                . = ALIGN (0x2)
 *(.jumptables)
 *(.jumptables*)
 *(.lowtext)
 *(.lowtext*)
                0x00000000000000c4                __ctors_start = .
 *(.ctors)
                0x00000000000000c4                __ctors_end = .
                0x00000000000000c4                __dtors_start = .
 *(.dtors)
                0x00000000000000c4                __dtors_end = .
 SORT(*)(.ctors)
 SORT(*)(.dtors)
 *(.init0)
 .init0         0x00000000000000c4        0x0 F:/Ohjelmat/MPLABX/v5.50/packs/Microchip/ATmega_DFP/2.3.126/xc8/avr/lib/avrxmega3/crtatmega4809.o
                0x00000000000000c4                __init
 *(.init0)
 *(.init1)
 *(.init1)
 *(.init2)
 .init2         0x00000000000000c4        0xc F:/Ohjelmat/MPLABX/v5.50/packs/Microchip/ATmega_DFP/2.3.126/xc8/avr/lib/avrxmega3/crtatmega4809.o
 *(.init2)
 *(.init3)
 *(.init3)
 *(.init4)
 .init4         0x00000000000000d0       0x3c f:/ohjelmat/microchip/xc8/v2.32/avr/bin/../lib/gcc/avr/5.4.0/avrxmega3\libgcc.a(_copy_data.o)
                0x00000000000000d0                __do_copy_data
                0x00000000000000fe                __do_clear_bss
 *(.init4)
 *(.init5)
 *(.init5)
 *(.init6)
 *(.init6)
 *(.init7)
 *(.init7)
 *(.init8)
 *(.init8)
 *(.init9)
 .init9         0x000000000000010c        0x8 F:/Ohjelmat/MPLABX/v5.50/packs/Microchip/ATmega_DFP/2.3.126/xc8/avr/lib/avrxmega3/crtatmega4809.o
 *(.init9)
                0x0000000000000114                . = ALIGN (0x2)
 *(.fini9)
 .fini9         0x0000000000000114        0x0 f:/ohjelmat/microchip/xc8/v2.32/avr/bin/../lib/gcc/avr/5.4.0/avrxmega3\libgcc.a(_exit.o)
                0x0000000000000114                _exit
                0x0000000000000114                exit
 *(.fini9)
 *(.fini8)
 *(.fini8)
 *(.fini7)
 *(.fini7)
 *(.fini6)
 *(.fini6)
 *(.fini5)
 *(.fini5)
 *(.fini4)
 *(.fini4)
 *(.fini3)
 *(.fini3)
 *(.fini2)
 *(.fini2)
 *(.fini1)
 *(.fini1)
 *(.fini0)
 .fini0         0x0000000000000114        0x4 f:/ohjelmat/microchip/xc8/v2.32/avr/bin/../lib/gcc/avr/5.4.0/avrxmega3\libgcc.a(_exit.o)
 *(.fini0)
                0x0000000000000118                _etext = .

.data           0x0000000000802800        0x0 load address 0x0000000000000118
                [!provide]                        PROVIDE (__data_start, .)
 *(.gnu.linkonce.d*)
                0x0000000000802800                . = ALIGN (0x2)
                0x0000000000802800                _edata = .
                [!provide]                        PROVIDE (__data_end, .)

.bss            0x0000000000802800       0x2d
                [!provide]                        PROVIDE (__bss_start, .)
 *(COMMON)
 COMMON         0x0000000000802800        0x8 build/default/production/FreeRTOS/Source/queue.o
                0x0000000000802800                xQueueRegistry
 COMMON         0x0000000000802808       0x1b build/default/production/main.o
                0x0000000000802808                mutex_handle
                0x000000000080280a                leftmost_char
                0x000000000080280b                direction
                0x000000000080280c                display_mode
                0x000000000080280d                lcd_queue
                0x000000000080280f                lower_display_text
 COMMON         0x0000000000802823        0xa build/default/production/backlight.o
                0x0000000000802823                backlight_time
                0x0000000000802825                adc_result
                0x000000000080282b                last_pm
                [!provide]                        PROVIDE (__bss_end, .)
                0x0000000000000118                __data_load_start = LOADADDR (.data)
                0x0000000000000118                __data_load_end = (__data_load_start + SIZEOF (.data))

.noinit         0x000000000080282d        0x0
                [!provide]                        PROVIDE (__noinit_start, .)
 *(.noinit*)
                [!provide]                        PROVIDE (__noinit_end, .)
                0x000000000080282d                _end = .

.eeprom         0x0000000000810000        0x0
 *(.eeprom*)
                0x0000000000810000                __eeprom_end = .

.fuse
 *(.fuse)
 *(.lfuse)
 *(.hfuse)
 *(.efuse)

.lock
 *(.lock*)

.signature
 *(.signature*)

.user_signatures
 *(.user_signatures*)

.stab
 *(.stab)

.stabstr
 *(.stabstr)

.stab.excl
 *(.stab.excl)

.stab.exclstr
 *(.stab.exclstr)

.stab.index
 *(.stab.index)

.stab.indexstr
 *(.stab.indexstr)

.comment        0x0000000000000000       0x5b
 *(.comment)
 .comment       0x0000000000000000       0x2f build/default/production/FreeRTOS/Source/list.o
                                         0x30 (size before relaxing)
 .comment       0x000000000000002f       0x30 build/default/production/FreeRTOS/Source/queue.o
 .comment       0x000000000000002f       0x30 build/default/production/FreeRTOS/Source/tasks.o
 .comment       0x000000000000002f       0x30 build/default/production/FreeRTOS/Source/timers.o
 .comment       0x000000000000002f       0x30 build/default/production/FreeRTOS/Source/portable/ThirdParty/Partner-Supported-Ports/GCC/AVR_Mega0/port.o
 .comment       0x000000000000002f       0x30 build/default/production/FreeRTOS/Source/portable/MemMang/heap_1.o
 .comment       0x000000000000002f       0x30 build/default/production/main.o
 .comment       0x000000000000002f       0x30 build/default/production/uart.o
 .comment       0x000000000000002f       0x30 build/default/production/lcd.o
 .comment       0x000000000000002f       0x30 build/default/production/adc.o
 .comment       0x000000000000002f       0x30 build/default/production/backlight.o
 .comment       0x000000000000002f       0x30 build/default/production/display.o
 .comment       0x000000000000002f       0x30 build/default/production/dummy.o
 .comment       0x000000000000002f       0x2c f:/ohjelmat/microchip/xc8/v2.32/avr/bin/../lib/gcc/avr/5.4.0/../../../../avr/lib/avrxmega3\libc.a(sprintf.o)
                                         0x2d (size before relaxing)
 .comment       0x000000000000005b       0x2d f:/ohjelmat/microchip/xc8/v2.32/avr/bin/../lib/gcc/avr/5.4.0/../../../../avr/lib/avrxmega3\libc.a(vfprintf_std.o)
 .comment       0x000000000000005b       0x2d f:/ohjelmat/microchip/xc8/v2.32/avr/bin/../lib/gcc/avr/5.4.0/../../../../avr/lib/avrxmega3\libc.a(fputc.o)

.stack.descriptors.hdr
                0x0000000000000000       0x9a
 .stack.descriptors.hdr
                0x0000000000000000        0xe f:/ohjelmat/microchip/xc8/v2.32/avr/bin/../lib/gcc/avr/5.4.0/avrxmega3\libgcc.a(_udivmodhi4.o)
 .stack.descriptors.hdr
                0x000000000000000e        0xe f:/ohjelmat/microchip/xc8/v2.32/avr/bin/../lib/gcc/avr/5.4.0/avrxmega3\libgcc.a(_exit.o)
 .stack.descriptors.hdr
                0x000000000000001c        0xe f:/ohjelmat/microchip/xc8/v2.32/avr/bin/../lib/gcc/avr/5.4.0/avrxmega3\libgcc.a(_tablejump2.o)
 .stack.descriptors.hdr
                0x000000000000002a        0xe f:/ohjelmat/microchip/xc8/v2.32/avr/bin/../lib/gcc/avr/5.4.0/../../../../avr/lib/avrxmega3\libc.a(memcpy.o)
 .stack.descriptors.hdr
                0x0000000000000038        0xe f:/ohjelmat/microchip/xc8/v2.32/avr/bin/../lib/gcc/avr/5.4.0/../../../../avr/lib/avrxmega3\libc.a(strncpy.o)
 .stack.descriptors.hdr
                0x0000000000000046        0xe f:/ohjelmat/microchip/xc8/v2.32/avr/bin/../lib/gcc/avr/5.4.0/../../../../avr/lib/avrxmega3\libc.a(sprintf.o)
 .stack.descriptors.hdr
                0x0000000000000054        0xe f:/ohjelmat/microchip/xc8/v2.32/avr/bin/../lib/gcc/avr/5.4.0/../../../../avr/lib/avrxmega3\libc.a(vfprintf_std.o)
 .stack.descriptors.hdr
                0x0000000000000062        0xe f:/ohjelmat/microchip/xc8/v2.32/avr/bin/../lib/gcc/avr/5.4.0/../../../../avr/lib/avrxmega3\libc.a(strnlen_P.o)
 .stack.descriptors.hdr
                0x0000000000000070        0xe f:/ohjelmat/microchip/xc8/v2.32/avr/bin/../lib/gcc/avr/5.4.0/../../../../avr/lib/avrxmega3\libc.a(strnlen.o)
 .stack.descriptors.hdr
                0x000000000000007e        0xe f:/ohjelmat/microchip/xc8/v2.32/avr/bin/../lib/gcc/avr/5.4.0/../../../../avr/lib/avrxmega3\libc.a(fputc.o)
 .stack.descriptors.hdr
                0x000000000000008c        0xe f:/ohjelmat/microchip/xc8/v2.32/avr/bin/../lib/gcc/avr/5.4.0/../../../../avr/lib/avrxmega3\libc.a(ultoa_invert.o)

.note.gnu.build-id
 *(.note.gnu.build-id)

.debug
 *(.debug)

.line
 *(.line)

.debug_srcinfo
 *(.debug_srcinfo)

.debug_sfnames
 *(.debug_sfnames)

.debug_aranges  0x0000000000000000      0x560
 *(.debug_aranges)
 .debug_aranges
                0x0000000000000000       0x40 build/default/production/FreeRTOS/Source/list.o
 .debug_aranges
                0x0000000000000040      0x110 build/default/production/FreeRTOS/Source/queue.o
 .debug_aranges
                0x0000000000000150      0x170 build/default/production/FreeRTOS/Source/tasks.o
 .debug_aranges
                0x00000000000002c0       0xa8 build/default/production/FreeRTOS/Source/timers.o
 .debug_aranges
                0x0000000000000368       0x50 build/default/production/FreeRTOS/Source/portable/ThirdParty/Partner-Supported-Ports/GCC/AVR_Mega0/port.o
 .debug_aranges
                0x00000000000003b8       0x38 build/default/production/FreeRTOS/Source/portable/MemMang/heap_1.o
 .debug_aranges
                0x00000000000003f0       0x30 build/default/production/main.o
 .debug_aranges
                0x0000000000000420       0x40 build/default/production/uart.o
 .debug_aranges
                0x0000000000000460       0x50 build/default/production/lcd.o
 .debug_aranges
                0x00000000000004b0       0x38 build/default/production/adc.o
 .debug_aranges
                0x00000000000004e8       0x30 build/default/production/backlight.o
 .debug_aranges
                0x0000000000000518       0x20 build/default/production/display.o
 .debug_aranges
                0x0000000000000538       0x28 build/default/production/dummy.o

.debug_pubnames
 *(.debug_pubnames)

.debug_info     0x0000000000000000     0xd65c
 *(.debug_info .gnu.linkonce.wi.*)
 .debug_info    0x0000000000000000     0x248a F:/Ohjelmat/MPLABX/v5.50/packs/Microchip/ATmega_DFP/2.3.126/xc8/avr/lib/avrxmega3/crtatmega4809.o
 .debug_info    0x000000000000248a      0x533 build/default/production/FreeRTOS/Source/list.o
 .debug_info    0x00000000000029bd     0x2273 build/default/production/FreeRTOS/Source/queue.o
 .debug_info    0x0000000000004c30     0x26d3 build/default/production/FreeRTOS/Source/tasks.o
 .debug_info    0x0000000000007303     0x154f build/default/production/FreeRTOS/Source/timers.o
 .debug_info    0x0000000000008852      0x65c build/default/production/FreeRTOS/Source/portable/ThirdParty/Partner-Supported-Ports/GCC/AVR_Mega0/port.o
 .debug_info    0x0000000000008eae      0x3ca build/default/production/FreeRTOS/Source/portable/MemMang/heap_1.o
 .debug_info    0x0000000000009278     0x11b5 build/default/production/main.o
 .debug_info    0x000000000000a42d      0x8f4 build/default/production/uart.o
 .debug_info    0x000000000000ad21      0xe35 build/default/production/lcd.o
 .debug_info    0x000000000000bb56      0x79b build/default/production/adc.o
 .debug_info    0x000000000000c2f1      0x887 build/default/production/backlight.o
 .debug_info    0x000000000000cb78      0x42f build/default/production/display.o
 .debug_info    0x000000000000cfa7      0x6b5 build/default/production/dummy.o

.debug_abbrev   0x0000000000000000     0x3abb
 *(.debug_abbrev)
 .debug_abbrev  0x0000000000000000     0x2296 F:/Ohjelmat/MPLABX/v5.50/packs/Microchip/ATmega_DFP/2.3.126/xc8/avr/lib/avrxmega3/crtatmega4809.o
 .debug_abbrev  0x0000000000002296      0x116 build/default/production/FreeRTOS/Source/list.o
 .debug_abbrev  0x00000000000023ac      0x2aa build/default/production/FreeRTOS/Source/queue.o
 .debug_abbrev  0x0000000000002656      0x34d build/default/production/FreeRTOS/Source/tasks.o
 .debug_abbrev  0x00000000000029a3      0x324 build/default/production/FreeRTOS/Source/timers.o
 .debug_abbrev  0x0000000000002cc7      0x17f build/default/production/FreeRTOS/Source/portable/ThirdParty/Partner-Supported-Ports/GCC/AVR_Mega0/port.o
 .debug_abbrev  0x0000000000002e46      0x111 build/default/production/FreeRTOS/Source/portable/MemMang/heap_1.o
 .debug_abbrev  0x0000000000002f57      0x1d6 build/default/production/main.o
 .debug_abbrev  0x000000000000312d      0x218 build/default/production/uart.o
 .debug_abbrev  0x0000000000003345      0x23c build/default/production/lcd.o
 .debug_abbrev  0x0000000000003581      0x127 build/default/production/adc.o
 .debug_abbrev  0x00000000000036a8      0x1a4 build/default/production/backlight.o
 .debug_abbrev  0x000000000000384c      0x102 build/default/production/display.o
 .debug_abbrev  0x000000000000394e      0x16d build/default/production/dummy.o

.debug_line     0x0000000000000000     0x3f39
 *(.debug_line .debug_line.* .debug_line_end)
 .debug_line    0x0000000000000000      0x187 F:/Ohjelmat/MPLABX/v5.50/packs/Microchip/ATmega_DFP/2.3.126/xc8/avr/lib/avrxmega3/crtatmega4809.o
 .debug_line    0x0000000000000187      0x217 build/default/production/FreeRTOS/Source/list.o
 .debug_line    0x000000000000039e      0xe88 build/default/production/FreeRTOS/Source/queue.o
 .debug_line    0x0000000000001226     0x11f6 build/default/production/FreeRTOS/Source/tasks.o
 .debug_line    0x000000000000241c      0x5a8 build/default/production/FreeRTOS/Source/timers.o
 .debug_line    0x00000000000029c4      0x278 build/default/production/FreeRTOS/Source/portable/ThirdParty/Partner-Supported-Ports/GCC/AVR_Mega0/port.o
 .debug_line    0x0000000000002c3c      0x195 build/default/production/FreeRTOS/Source/portable/MemMang/heap_1.o
 .debug_line    0x0000000000002dd1      0x282 build/default/production/main.o
 .debug_line    0x0000000000003053      0x317 build/default/production/uart.o
 .debug_line    0x000000000000336a      0x468 build/default/production/lcd.o
 .debug_line    0x00000000000037d2      0x1d6 build/default/production/adc.o
 .debug_line    0x00000000000039a8      0x237 build/default/production/backlight.o
 .debug_line    0x0000000000003bdf      0x173 build/default/production/display.o
 .debug_line    0x0000000000003d52      0x1e7 build/default/production/dummy.o

.debug_frame    0x0000000000000000      0xfb4
 *(.debug_frame)
 .debug_frame   0x0000000000000000       0x88 build/default/production/FreeRTOS/Source/list.o
 .debug_frame   0x0000000000000088      0x430 build/default/production/FreeRTOS/Source/queue.o
 .debug_frame   0x00000000000004b8      0x558 build/default/production/FreeRTOS/Source/tasks.o
 .debug_frame   0x0000000000000a10      0x1fc build/default/production/FreeRTOS/Source/timers.o
 .debug_frame   0x0000000000000c0c       0x84 build/default/production/FreeRTOS/Source/portable/ThirdParty/Partner-Supported-Ports/GCC/AVR_Mega0/port.o
 .debug_frame   0x0000000000000c90       0x60 build/default/production/FreeRTOS/Source/portable/MemMang/heap_1.o
 .debug_frame   0x0000000000000cf0       0x54 build/default/production/main.o
 .debug_frame   0x0000000000000d44       0x98 build/default/production/uart.o
 .debug_frame   0x0000000000000ddc       0x98 build/default/production/lcd.o
 .debug_frame   0x0000000000000e74       0x78 build/default/production/adc.o
 .debug_frame   0x0000000000000eec       0x50 build/default/production/backlight.o
 .debug_frame   0x0000000000000f3c       0x34 build/default/production/display.o
 .debug_frame   0x0000000000000f70       0x44 build/default/production/dummy.o

.debug_str      0x0000000000000000     0x199c
 *(.debug_str)
 .debug_str     0x0000000000000000      0xf85 F:/Ohjelmat/MPLABX/v5.50/packs/Microchip/ATmega_DFP/2.3.126/xc8/avr/lib/avrxmega3/crtatmega4809.o
 .debug_str     0x0000000000000f85       0x2b build/default/production/FreeRTOS/Source/list.o
 .debug_str     0x0000000000000fb0      0x2e4 build/default/production/FreeRTOS/Source/queue.o
 .debug_str     0x0000000000001294      0x26a build/default/production/FreeRTOS/Source/tasks.o
 .debug_str     0x00000000000014fe      0x1fd build/default/production/FreeRTOS/Source/timers.o
 .debug_str     0x00000000000016fb       0x26 build/default/production/FreeRTOS/Source/portable/ThirdParty/Partner-Supported-Ports/GCC/AVR_Mega0/port.o
 .debug_str     0x0000000000001721       0x1f build/default/production/FreeRTOS/Source/portable/MemMang/heap_1.o
 .debug_str     0x0000000000001740       0x7b build/default/production/main.o
 .debug_str     0x00000000000017bb       0x4c build/default/production/uart.o
 .debug_str     0x0000000000001807       0x56 build/default/production/lcd.o
 .debug_str     0x000000000000185d        0x0 build/default/production/adc.o
 .debug_str     0x000000000000185d       0x89 build/default/production/backlight.o
 .debug_str     0x00000000000018e6       0x41 build/default/production/display.o
 .debug_str     0x0000000000001927       0x75 build/default/production/dummy.o

.debug_loc      0x0000000000000000     0x4b72
 *(.debug_loc)
 .debug_loc     0x0000000000000000       0xb8 build/default/production/FreeRTOS/Source/list.o
 .debug_loc     0x00000000000000b8     0x1d5c build/default/production/FreeRTOS/Source/queue.o
 .debug_loc     0x0000000000001e14     0x1af2 build/default/production/FreeRTOS/Source/tasks.o
 .debug_loc     0x0000000000003906      0xa94 build/default/production/FreeRTOS/Source/timers.o
 .debug_loc     0x000000000000439a       0xbb build/default/production/FreeRTOS/Source/portable/ThirdParty/Partner-Supported-Ports/GCC/AVR_Mega0/port.o
 .debug_loc     0x0000000000004455       0xe0 build/default/production/FreeRTOS/Source/portable/MemMang/heap_1.o
 .debug_loc     0x0000000000004535       0x80 build/default/production/uart.o
 .debug_loc     0x00000000000045b5      0x4c9 build/default/production/lcd.o
 .debug_loc     0x0000000000004a7e       0x32 build/default/production/adc.o
 .debug_loc     0x0000000000004ab0       0x4e build/default/production/backlight.o
 .debug_loc     0x0000000000004afe       0x26 build/default/production/display.o
 .debug_loc     0x0000000000004b24       0x4e build/default/production/dummy.o

.debug_macinfo
 *(.debug_macinfo)

.debug_weaknames
 *(.debug_weaknames)

.debug_funcnames
 *(.debug_funcnames)

.debug_typenames
 *(.debug_typenames)

.debug_varnames
 *(.debug_varnames)

.debug_pubtypes
 *(.debug_pubtypes)

.debug_ranges   0x0000000000000000      0x590
 *(.debug_ranges)
 .debug_ranges  0x0000000000000000       0x30 build/default/production/FreeRTOS/Source/list.o
 .debug_ranges  0x0000000000000030      0x148 build/default/production/FreeRTOS/Source/queue.o
 .debug_ranges  0x0000000000000178      0x1c8 build/default/production/FreeRTOS/Source/tasks.o
 .debug_ranges  0x0000000000000340       0xe8 build/default/production/FreeRTOS/Source/timers.o
 .debug_ranges  0x0000000000000428       0x40 build/default/production/FreeRTOS/Source/portable/ThirdParty/Partner-Supported-Ports/GCC/AVR_Mega0/port.o
 .debug_ranges  0x0000000000000468       0x28 build/default/production/FreeRTOS/Source/portable/MemMang/heap_1.o
 .debug_ranges  0x0000000000000490       0x20 build/default/production/main.o
 .debug_ranges  0x00000000000004b0       0x30 build/default/production/uart.o
 .debug_ranges  0x00000000000004e0       0x40 build/default/production/lcd.o
 .debug_ranges  0x0000000000000520       0x28 build/default/production/adc.o
 .debug_ranges  0x0000000000000548       0x20 build/default/production/backlight.o
 .debug_ranges  0x0000000000000568       0x10 build/default/production/display.o
 .debug_ranges  0x0000000000000578       0x18 build/default/production/dummy.o

.debug_macro
 *(.debug_macro)
OUTPUT(dist/default/production/W07E01_LCD.X.production.elf elf32-avr)
LOAD linker stubs
LOAD data_init

.note.gnu.avr.deviceinfo
                0x0000000000000000       0x40
 .note.gnu.avr.deviceinfo
                0x0000000000000000       0x40 F:/Ohjelmat/MPLABX/v5.50/packs/Microchip/ATmega_DFP/2.3.126/xc8/avr/lib/avrxmega3/crtatmega4809.o

.bss.uxSchedulerSuspended
                0x00000000008038a3        0x1
 .bss.uxSchedulerSuspended
                0x00000000008038a3        0x1 build/default/production/FreeRTOS/Source/tasks.o

.bss.xIdleTaskHandle
                0x0000000000803887        0x2
 .bss.xIdleTaskHandle
                0x0000000000803887        0x2 build/default/production/FreeRTOS/Source/tasks.o

.bss.xNextTaskUnblockTime
                0x0000000000803889        0x2
 .bss.xNextTaskUnblockTime
                0x0000000000803889        0x2 build/default/production/FreeRTOS/Source/tasks.o

.bss.uxTaskNumber
                0x00000000008038a5        0x1
 .bss.uxTaskNumber
                0x00000000008038a5        0x1 build/default/production/FreeRTOS/Source/tasks.o

.bss.xNumOfOverflows
                0x00000000008038a6        0x1
 .bss.xNumOfOverflows
                0x00000000008038a6        0x1 build/default/production/FreeRTOS/Source/tasks.o

.bss.xYieldPending
                0x00000000008038a7        0x1
 .bss.xYieldPending
                0x00000000008038a7        0x1 build/default/production/FreeRTOS/Source/tasks.o

.bss.xPendedTicks
                0x000000000080388b        0x2
 .bss.xPendedTicks
                0x000000000080388b        0x2 build/default/production/FreeRTOS/Source/tasks.o

.bss.xSchedulerRunning
                0x00000000008038a8        0x1
 .bss.xSchedulerRunning
                0x00000000008038a8        0x1 build/default/production/FreeRTOS/Source/tasks.o

.bss.uxTopReadyPriority
                0x00000000008038a9        0x1
 .bss.uxTopReadyPriority
                0x00000000008038a9        0x1 build/default/production/FreeRTOS/Source/tasks.o

.bss.xTickCount
                0x000000000080388d        0x2
 .bss.xTickCount
                0x000000000080388d        0x2 build/default/production/FreeRTOS/Source/tasks.o

.bss.uxCurrentNumberOfTasks
                0x00000000008038aa        0x1
 .bss.uxCurrentNumberOfTasks
                0x00000000008038aa        0x1 build/default/production/FreeRTOS/Source/tasks.o

.bss.xSuspendedTaskList
                0x0000000000803851        0x9
 .bss.xSuspendedTaskList
                0x0000000000803851        0x9 build/default/production/FreeRTOS/Source/tasks.o

.bss.xPendingReadyList
                0x000000000080385a        0x9
 .bss.xPendingReadyList
                0x000000000080385a        0x9 build/default/production/FreeRTOS/Source/tasks.o

.bss.pxOverflowDelayedTaskList
                0x000000000080388f        0x2
 .bss.pxOverflowDelayedTaskList
                0x000000000080388f        0x2 build/default/production/FreeRTOS/Source/tasks.o

.bss.pxDelayedTaskList
                0x0000000000803891        0x2
 .bss.pxDelayedTaskList
                0x0000000000803891        0x2 build/default/production/FreeRTOS/Source/tasks.o

.bss.xDelayedTaskList2
                0x0000000000803863        0x9
 .bss.xDelayedTaskList2
                0x0000000000803863        0x9 build/default/production/FreeRTOS/Source/tasks.o

.bss.xDelayedTaskList1
                0x000000000080386c        0x9
 .bss.xDelayedTaskList1
                0x000000000080386c        0x9 build/default/production/FreeRTOS/Source/tasks.o

.bss.pxReadyTasksLists
                0x000000000080382d       0x24
 .bss.pxReadyTasksLists
                0x000000000080382d       0x24 build/default/production/FreeRTOS/Source/tasks.o

.bss.pxCurrentTCB
                0x0000000000803893        0x2
 .bss.pxCurrentTCB
                0x0000000000803893        0x2 build/default/production/FreeRTOS/Source/tasks.o
                0x0000000000803893                pxCurrentTCB

.bss.xLastTime.3758
                0x0000000000803895        0x2
 .bss.xLastTime.3758
                0x0000000000803895        0x2 build/default/production/FreeRTOS/Source/timers.o

.bss.xTimerTaskHandle
                0x0000000000803897        0x2
 .bss.xTimerTaskHandle
                0x0000000000803897        0x2 build/default/production/FreeRTOS/Source/timers.o

.bss.xTimerQueue
                0x0000000000803899        0x2
 .bss.xTimerQueue
                0x0000000000803899        0x2 build/default/production/FreeRTOS/Source/timers.o

.bss.pxOverflowTimerList
                0x000000000080389b        0x2
 .bss.pxOverflowTimerList
                0x000000000080389b        0x2 build/default/production/FreeRTOS/Source/timers.o

.bss.pxCurrentTimerList
                0x000000000080389d        0x2
 .bss.pxCurrentTimerList
                0x000000000080389d        0x2 build/default/production/FreeRTOS/Source/timers.o

.bss.xActiveTimerList2
                0x0000000000803875        0x9
 .bss.xActiveTimerList2
                0x0000000000803875        0x9 build/default/production/FreeRTOS/Source/timers.o

.bss.xActiveTimerList1
                0x000000000080387e        0x9
 .bss.xActiveTimerList1
                0x000000000080387e        0x9 build/default/production/FreeRTOS/Source/timers.o

.bss.pucAlignedHeap.3440
                0x000000000080389f        0x2
 .bss.pucAlignedHeap.3440
                0x000000000080389f        0x2 build/default/production/FreeRTOS/Source/portable/MemMang/heap_1.o

.bss.xNextFreeByte
                0x00000000008038a1        0x2
 .bss.xNextFreeByte
                0x00000000008038a1        0x2 build/default/production/FreeRTOS/Source/portable/MemMang/heap_1.o

.bss.ucHeap     0x000000000080282d     0x1000
 .bss.ucHeap    0x000000000080282d     0x1000 build/default/production/FreeRTOS/Source/portable/MemMang/heap_1.o

.text.avrlibc   0x0000000000000118      0x3c2
 .text.avrlibc  0x0000000000000118      0x3c2 f:/ohjelmat/microchip/xc8/v2.32/avr/bin/../lib/gcc/avr/5.4.0/../../../../avr/lib/avrxmega3\libc.a(vfprintf_std.o)
                0x0000000000000118                vfprintf

.text.xTaskCreate
                0x00000000000004da      0x266
 .text.xTaskCreate
                0x00000000000004da      0x266 build/default/production/FreeRTOS/Source/tasks.o
                0x00000000000004da                xTaskCreate

.text.xTaskIncrementTick
                0x0000000000000740      0x232
 .text.xTaskIncrementTick
                0x0000000000000740      0x232 build/default/production/FreeRTOS/Source/tasks.o
                0x0000000000000740                xTaskIncrementTick

.text.xTaskResumeAll
                0x0000000000000972      0x1bc
 .text.xTaskResumeAll
                0x0000000000000972      0x1bc build/default/production/FreeRTOS/Source/tasks.o
                0x0000000000000972                xTaskResumeAll

.text.prvTimerTask
                0x0000000000000b2e      0x1b6
 .text.prvTimerTask
                0x0000000000000b2e      0x1b6 build/default/production/FreeRTOS/Source/timers.o

.text.lcd_task  0x0000000000000ce4      0x1b4
 .text.lcd_task
                0x0000000000000ce4      0x1b4 build/default/production/lcd.o
                0x0000000000000ce4                lcd_task

.text.xQueueSemaphoreTake
                0x0000000000000e98      0x190
 .text.xQueueSemaphoreTake
                0x0000000000000e98      0x190 build/default/production/FreeRTOS/Source/queue.o
                0x0000000000000e98                xQueueSemaphoreTake

.text.xTaskRemoveFromEventList
                0x0000000000001028      0x17c
 .text.xTaskRemoveFromEventList
                0x0000000000001028      0x17c build/default/production/FreeRTOS/Source/tasks.o
                0x0000000000001028                xTaskRemoveFromEventList

.text.usart_task
                0x00000000000011a4      0x144
 .text.usart_task
                0x00000000000011a4      0x144 build/default/production/uart.o
                0x00000000000011a4                usart_task

.text.xQueueGenericSend
                0x00000000000012e8      0x138
 .text.xQueueGenericSend
                0x00000000000012e8      0x138 build/default/production/FreeRTOS/Source/queue.o
                0x00000000000012e8                xQueueGenericSend

.text.backlight_task
                0x0000000000001420      0x12c
 .text.backlight_task
                0x0000000000001420      0x12c build/default/production/backlight.o
                0x0000000000001420                backlight_task

.text.xQueueReceive
                0x000000000000154c      0x128
 .text.xQueueReceive
                0x000000000000154c      0x128 build/default/production/FreeRTOS/Source/queue.o
                0x000000000000154c                xQueueReceive

.text.xTaskPriorityInherit
                0x0000000000001674      0x128
 .text.xTaskPriorityInherit
                0x0000000000001674      0x128 build/default/production/FreeRTOS/Source/tasks.o
                0x0000000000001674                xTaskPriorityInherit

.text.prvAddCurrentTaskToDelayedList
                0x000000000000179c      0x102
 .text.prvAddCurrentTaskToDelayedList
                0x000000000000179c      0x102 build/default/production/FreeRTOS/Source/tasks.o

.text.main      0x000000000000189e       0xf8
 .text.main     0x000000000000189e       0xf8 build/default/production/main.o
                0x000000000000189e                main

.text.vTaskPriorityDisinheritAfterTimeout
                0x0000000000001996       0xe6
 .text.vTaskPriorityDisinheritAfterTimeout
                0x0000000000001996       0xe6 build/default/production/FreeRTOS/Source/tasks.o
                0x0000000000001996                vTaskPriorityDisinheritAfterTimeout

.text.vTaskSwitchContext
                0x0000000000001a7c       0xcc
 .text.vTaskSwitchContext
                0x0000000000001a7c       0xcc build/default/production/FreeRTOS/Source/tasks.o
                0x0000000000001a7c                vTaskSwitchContext

.text.xQueueGenericReset
                0x0000000000001b48       0xc6
 .text.xQueueGenericReset
                0x0000000000001b48       0xc6 build/default/production/FreeRTOS/Source/queue.o
                0x0000000000001b48                xQueueGenericReset

.text.xTaskPriorityDisinherit
                0x0000000000001c0e       0xc6
 .text.xTaskPriorityDisinherit
                0x0000000000001c0e       0xc6 build/default/production/FreeRTOS/Source/tasks.o
                0x0000000000001c0e                xTaskPriorityDisinherit

.text.prvCopyDataToQueue
                0x0000000000001cd4       0xbe
 .text.prvCopyDataToQueue
                0x0000000000001cd4       0xbe build/default/production/FreeRTOS/Source/queue.o

.text.avrlibc   0x0000000000001d92       0xbc
 .text.avrlibc  0x0000000000001d92       0xbc f:/ohjelmat/microchip/xc8/v2.32/avr/bin/../lib/gcc/avr/5.4.0/../../../../avr/lib/avrxmega3\libc.a(ultoa_invert.o)
                0x0000000000001d92                __ultoa_invert

.text.vPortYieldFromTick
                0x0000000000001e4e       0xb8
 .text.vPortYieldFromTick
                0x0000000000001e4e       0xb8 build/default/production/FreeRTOS/Source/portable/ThirdParty/Partner-Supported-Ports/GCC/AVR_Mega0/port.o
                0x0000000000001e4e                vPortYieldFromTick

.text.vPortYield
                0x0000000000001f06       0xb2
 .text.vPortYield
                0x0000000000001f06       0xb2 build/default/production/FreeRTOS/Source/portable/ThirdParty/Partner-Supported-Ports/GCC/AVR_Mega0/port.o
                0x0000000000001f06                vPortYield

.text.prvUnlockQueue
                0x0000000000001fb8       0x9a
 .text.prvUnlockQueue
                0x0000000000001fb8       0x9a build/default/production/FreeRTOS/Source/queue.o

.text.lcd_init  0x0000000000002052       0x98
 .text.lcd_init
                0x0000000000002052       0x98 build/default/production/lcd.o
                0x0000000000002052                lcd_init

.text.vTaskPlaceOnEventListRestricted
                0x00000000000020ea       0x92
 .text.vTaskPlaceOnEventListRestricted
                0x00000000000020ea       0x92 build/default/production/FreeRTOS/Source/tasks.o
                0x00000000000020ea                vTaskPlaceOnEventListRestricted

.text.xTimerGenericCommand
                0x000000000000217c       0x8c
 .text.xTimerGenericCommand
                0x000000000000217c       0x8c build/default/production/FreeRTOS/Source/timers.o
                0x000000000000217c                xTimerGenericCommand

.text.vQueueAddToRegistry
                0x0000000000002208       0x8a
 .text.vQueueAddToRegistry
                0x0000000000002208       0x8a build/default/production/FreeRTOS/Source/queue.o
                0x0000000000002208                vQueueAddToRegistry

.text.xQueueGenericCreate
                0x0000000000002292       0x84
 .text.xQueueGenericCreate
                0x0000000000002292       0x84 build/default/production/FreeRTOS/Source/queue.o
                0x0000000000002292                xQueueGenericCreate

.text.prvSampleTimeNow
                0x0000000000002316       0x84
 .text.prvSampleTimeNow
                0x0000000000002316       0x84 build/default/production/FreeRTOS/Source/timers.o

.text.xQueueGenericSendFromISR
                0x000000000000239a       0x78
 .text.xQueueGenericSendFromISR
                0x000000000000239a       0x78 build/default/production/FreeRTOS/Source/queue.o
                0x000000000000239a                xQueueGenericSendFromISR

.text.avrlibc   0x0000000000002412       0x78
 .text.avrlibc  0x0000000000002412       0x78 f:/ohjelmat/microchip/xc8/v2.32/avr/bin/../lib/gcc/avr/5.4.0/../../../../avr/lib/avrxmega3\libc.a(fputc.o)
                0x0000000000002412                fputc

.text.pvPortMalloc
                0x000000000000248a       0x74
 .text.pvPortMalloc
                0x000000000000248a       0x74 build/default/production/FreeRTOS/Source/portable/MemMang/heap_1.o
                0x000000000000248a                pvPortMalloc

.text.xTaskCheckForTimeOut
                0x00000000000024fe       0x72
 .text.xTaskCheckForTimeOut
                0x00000000000024fe       0x72 build/default/production/FreeRTOS/Source/tasks.o
                0x00000000000024fe                xTaskCheckForTimeOut

.text.xTimerCreate
                0x0000000000002570       0x6e
 .text.xTimerCreate
                0x0000000000002570       0x6e build/default/production/FreeRTOS/Source/timers.o
                0x0000000000002570                xTimerCreate

.text.display_task
                0x00000000000025de       0x6e
 .text.display_task
                0x00000000000025de       0x6e build/default/production/display.o
                0x00000000000025de                display_task

.text.xPortStartScheduler
                0x000000000000264c       0x6a
 .text.xPortStartScheduler
                0x000000000000264c       0x6a build/default/production/FreeRTOS/Source/portable/ThirdParty/Partner-Supported-Ports/GCC/AVR_Mega0/port.o
                0x000000000000264c                xPortStartScheduler

.text.led_timer_callback
                0x00000000000026b6       0x68
 .text.led_timer_callback
                0x00000000000026b6       0x68 build/default/production/dummy.o
                0x00000000000026b6                led_timer_callback

.text.vListInsert
                0x000000000000271e       0x62
 .text.vListInsert
                0x000000000000271e       0x62 build/default/production/FreeRTOS/Source/list.o
                0x000000000000271e                vListInsert

.text.vTaskStartScheduler
                0x0000000000002780       0x60
 .text.vTaskStartScheduler
                0x0000000000002780       0x60 build/default/production/FreeRTOS/Source/tasks.o
                0x0000000000002780                vTaskStartScheduler

.text.prvInsertTimerInActiveList
                0x00000000000027e0       0x5e
 .text.prvInsertTimerInActiveList
                0x00000000000027e0       0x5e build/default/production/FreeRTOS/Source/timers.o

.text.prvCheckForValidListAndQueue
                0x000000000000283e       0x5e
 .text.prvCheckForValidListAndQueue
                0x000000000000283e       0x5e build/default/production/FreeRTOS/Source/timers.o

.text.prvProcessExpiredTimer
                0x000000000000289c       0x56
 .text.prvProcessExpiredTimer
                0x000000000000289c       0x56 build/default/production/FreeRTOS/Source/timers.o

.text.uxListRemove
                0x00000000000028f2       0x4e
 .text.uxListRemove
                0x00000000000028f2       0x4e build/default/production/FreeRTOS/Source/list.o
                0x00000000000028f2                uxListRemove

.text.read_adc_values
                0x0000000000002940       0x4e
 .text.read_adc_values
                0x0000000000002940       0x4e build/default/production/adc.o
                0x0000000000002940                read_adc_values

.text.prvReloadTimer
                0x000000000000298e       0x48
 .text.prvReloadTimer
                0x000000000000298e       0x48 build/default/production/FreeRTOS/Source/timers.o

.text.backlight_timer_callback
                0x00000000000029d6       0x46
 .text.backlight_timer_callback
                0x00000000000029d6       0x46 build/default/production/backlight.o
                0x00000000000029d6                backlight_timer_callback

.text.xTimerCreateTimerTask
                0x0000000000002a1c       0x44
 .text.xTimerCreateTimerTask
                0x0000000000002a1c       0x44 build/default/production/FreeRTOS/Source/timers.o
                0x0000000000002a1c                xTimerCreateTimerTask

.text.usart_send_string
                0x0000000000002a60       0x44
 .text.usart_send_string
                0x0000000000002a60       0x44 build/default/production/uart.o
                0x0000000000002a60                usart_send_string

.text.avrlibc   0x0000000000002aa4       0x44
 .text.avrlibc  0x0000000000002aa4       0x44 f:/ohjelmat/microchip/xc8/v2.32/avr/bin/../lib/gcc/avr/5.4.0/../../../../avr/lib/avrxmega3\libc.a(sprintf.o)
                0x0000000000002aa4                sprintf

.text.lcd_cursor_set
                0x0000000000002ae8       0x42
 .text.lcd_cursor_set
                0x0000000000002ae8       0x42 build/default/production/lcd.o
                0x0000000000002ae8                lcd_cursor_set

.rodata         0x0000000000806b2a       0x3e load address 0x0000000000002b2a
 .rodata        0x0000000000806b2a       0x3e build/default/production/uart.o

.text.dummy_task
                0x0000000000002b68       0x3e
 .text.dummy_task
                0x0000000000002b68       0x3e build/default/production/dummy.o
                0x0000000000002b68                dummy_task

.text.timeout_timer_callback
                0x0000000000002ba6       0x3c
 .text.timeout_timer_callback
                0x0000000000002ba6       0x3c build/default/production/backlight.o
                0x0000000000002ba6                timeout_timer_callback

.text.vQueueWaitForMessageRestricted
                0x0000000000002be2       0x3a
 .text.vQueueWaitForMessageRestricted
                0x0000000000002be2       0x3a build/default/production/FreeRTOS/Source/queue.o
                0x0000000000002be2                vQueueWaitForMessageRestricted

.text.tcb_init  0x0000000000002c1c       0x3a
 .text.tcb_init
                0x0000000000002c1c       0x3a build/default/production/main.o
                0x0000000000002c1c                tcb_init

.text.prvResetNextTaskUnblockTime
                0x0000000000002c56       0x38
 .text.prvResetNextTaskUnblockTime
                0x0000000000002c56       0x38 build/default/production/FreeRTOS/Source/tasks.o

.text.prvCopyDataFromQueue
                0x0000000000002c8e       0x34
 .text.prvCopyDataFromQueue
                0x0000000000002c8e       0x34 build/default/production/FreeRTOS/Source/queue.o

.text.xQueueCreateMutex
                0x0000000000002cc2       0x34
 .text.xQueueCreateMutex
                0x0000000000002cc2       0x34 build/default/production/FreeRTOS/Source/queue.o
                0x0000000000002cc2                xQueueCreateMutex

.text.scroll_timer_callback
                0x0000000000002cf6       0x32
 .text.scroll_timer_callback
                0x0000000000002cf6       0x32 build/default/production/lcd.o
                0x0000000000002cf6                scroll_timer_callback

.text.libgcc.prologue
                0x0000000000002d28       0x32
 .text.libgcc.prologue
                0x0000000000002d28       0x32 f:/ohjelmat/microchip/xc8/v2.32/avr/bin/../lib/gcc/avr/5.4.0/avrxmega3\libgcc.a(_prologue.o)
                0x0000000000002d28                __prologue_saves__

.text.lcd_write
                0x0000000000002d5a       0x30
 .text.lcd_write
                0x0000000000002d5a       0x30 build/default/production/lcd.o
                0x0000000000002d5a                lcd_write

.text.libgcc.prologue
                0x0000000000002d8a       0x30
 .text.libgcc.prologue
                0x0000000000002d8a       0x30 f:/ohjelmat/microchip/xc8/v2.32/avr/bin/../lib/gcc/avr/5.4.0/avrxmega3\libgcc.a(_epilogue.o)
                0x0000000000002d8a                __epilogue_restores__

.text.lcd_clear
                0x0000000000002dba       0x2a
 .text.lcd_clear
                0x0000000000002dba       0x2a build/default/production/lcd.o
                0x0000000000002dba                lcd_clear

.rodata         0x0000000000806de4       0x2a load address 0x0000000000002de4
 .rodata        0x0000000000806de4       0x2a build/default/production/lcd.o

.rodata.upper_display_text
                0x0000000000806e0e       0x29 load address 0x0000000000002e0e
 .rodata.upper_display_text
                0x0000000000806e0e       0x29 build/default/production/lcd.o
                0x0000000000806e0e                upper_display_text

.data.uxTopUsedPriority
                0x00000000008038a4        0x1 load address 0x0000000000002e37
 .data.uxTopUsedPriority
                0x00000000008038a4        0x1 build/default/production/FreeRTOS/Source/tasks.o
                0x00000000008038a4                uxTopUsedPriority

.text.vTaskDelay
                0x0000000000002e38       0x28
 .text.vTaskDelay
                0x0000000000002e38       0x28 build/default/production/FreeRTOS/Source/tasks.o
                0x0000000000002e38                vTaskDelay

.text.libgcc.div
                0x0000000000002e60       0x28
 .text.libgcc.div
                0x0000000000002e60       0x28 f:/ohjelmat/microchip/xc8/v2.32/avr/bin/../lib/gcc/avr/5.4.0/avrxmega3\libgcc.a(_udivmodhi4.o)
                0x0000000000002e60                __udivmodhi4

.text.vTaskPlaceOnEventList
                0x0000000000002e88       0x24
 .text.vTaskPlaceOnEventList
                0x0000000000002e88       0x24 build/default/production/FreeRTOS/Source/tasks.o
                0x0000000000002e88                vTaskPlaceOnEventList

.text.pvTaskIncrementMutexHeldCount
                0x0000000000002eac       0x24
 .text.pvTaskIncrementMutexHeldCount
                0x0000000000002eac       0x24 build/default/production/FreeRTOS/Source/tasks.o
                0x0000000000002eac                pvTaskIncrementMutexHeldCount

.text.pxPortInitialiseStack
                0x0000000000002ed0       0x22
 .text.pxPortInitialiseStack
                0x0000000000002ed0       0x22 build/default/production/FreeRTOS/Source/portable/ThirdParty/Partner-Supported-Ports/GCC/AVR_Mega0/port.o
                0x0000000000002ed0                pxPortInitialiseStack

.rodata         0x0000000000806ef2       0x22 load address 0x0000000000002ef2
 .rodata        0x0000000000806ef2       0x22 build/default/production/main.o

.text.usart_init
                0x0000000000002f14       0x20
 .text.usart_init
                0x0000000000002f14       0x20 build/default/production/uart.o
                0x0000000000002f14                usart_init

.text.avrlibc   0x0000000000002f34       0x1e
 .text.avrlibc  0x0000000000002f34       0x1e f:/ohjelmat/microchip/xc8/v2.32/avr/bin/../lib/gcc/avr/5.4.0/../../../../avr/lib/avrxmega3\libc.a(strncpy.o)
                0x0000000000002f34                strncpy

.text.vListInitialise
                0x0000000000002f52       0x1c
 .text.vListInitialise
                0x0000000000002f52       0x1c build/default/production/FreeRTOS/Source/list.o
                0x0000000000002f52                vListInitialise

.text.xTaskGetSchedulerState
                0x0000000000002f6e       0x1c
 .text.xTaskGetSchedulerState
                0x0000000000002f6e       0x1c build/default/production/FreeRTOS/Source/tasks.o
                0x0000000000002f6e                xTaskGetSchedulerState

.text.ldr_read  0x0000000000002f8a       0x1c
 .text.ldr_read
                0x0000000000002f8a       0x1c build/default/production/adc.o
                0x0000000000002f8a                ldr_read

.text.ntc_read  0x0000000000002fa6       0x1c
 .text.ntc_read
                0x0000000000002fa6       0x1c build/default/production/adc.o
                0x0000000000002fa6                ntc_read

.text.pm_read   0x0000000000002fc2       0x1c
 .text.pm_read  0x0000000000002fc2       0x1c build/default/production/adc.o
                0x0000000000002fc2                pm_read

.text.prvIsQueueEmpty
                0x0000000000002fde       0x16
 .text.prvIsQueueEmpty
                0x0000000000002fde       0x16 build/default/production/FreeRTOS/Source/queue.o

.text.vTaskInternalSetTimeOutState
                0x0000000000002ff4       0x16
 .text.vTaskInternalSetTimeOutState
                0x0000000000002ff4       0x16 build/default/production/FreeRTOS/Source/tasks.o
                0x0000000000002ff4                vTaskInternalSetTimeOutState

.text.display_timer_callback
                0x000000000000300a       0x16
 .text.display_timer_callback
                0x000000000000300a       0x16 build/default/production/lcd.o
                0x000000000000300a                display_timer_callback

.text.avrlibc   0x0000000000003020       0x16
 .text.avrlibc  0x0000000000003020       0x16 f:/ohjelmat/microchip/xc8/v2.32/avr/bin/../lib/gcc/avr/5.4.0/../../../../avr/lib/avrxmega3\libc.a(strnlen_P.o)
                0x0000000000003020                strnlen_P

.text.avrlibc   0x0000000000003036       0x16
 .text.avrlibc  0x0000000000003036       0x16 f:/ohjelmat/microchip/xc8/v2.32/avr/bin/../lib/gcc/avr/5.4.0/../../../../avr/lib/avrxmega3\libc.a(strnlen.o)
                0x0000000000003036                strnlen

.text.xTaskGetTickCount
                0x000000000000304c       0x14
 .text.xTaskGetTickCount
                0x000000000000304c       0x14 build/default/production/FreeRTOS/Source/tasks.o
                0x000000000000304c                xTaskGetTickCount

.text.xTimerIsTimerActive
                0x0000000000003060       0x12
 .text.xTimerIsTimerActive
                0x0000000000003060       0x12 build/default/production/FreeRTOS/Source/timers.o
                0x0000000000003060                xTimerIsTimerActive

.rodata         0x0000000000807072       0x12 load address 0x0000000000003072
 .rodata        0x0000000000807072       0x12 build/default/production/backlight.o

.text.avrlibc   0x0000000000003084       0x12
 .text.avrlibc  0x0000000000003084       0x12 f:/ohjelmat/microchip/xc8/v2.32/avr/bin/../lib/gcc/avr/5.4.0/../../../../avr/lib/avrxmega3\libc.a(memcpy.o)
                0x0000000000003084                memcpy

.text.prvIdleTask
                0x0000000000003096       0x10
 .text.prvIdleTask
                0x0000000000003096       0x10 build/default/production/FreeRTOS/Source/tasks.o

.text.__vector_12
                0x00000000000030a6       0x10
 .text.__vector_12
                0x00000000000030a6       0x10 build/default/production/FreeRTOS/Source/portable/ThirdParty/Partner-Supported-Ports/GCC/AVR_Mega0/port.o
                0x00000000000030a6                __vector_12

.text.usart_send_char
                0x00000000000030b6       0x10
 .text.usart_send_char
                0x00000000000030b6       0x10 build/default/production/uart.o
                0x00000000000030b6                usart_send_char

.rodata         0x00000000008070c6        0xd load address 0x00000000000030c6
 .rodata        0x00000000008070c6        0xd build/default/production/FreeRTOS/Source/timers.o

.text.vTaskSuspendAll
                0x00000000000030d4        0xc
 .text.vTaskSuspendAll
                0x00000000000030d4        0xc build/default/production/FreeRTOS/Source/tasks.o
                0x00000000000030d4                vTaskSuspendAll

.text.libgcc    0x00000000000030e0        0xc
 .text.libgcc   0x00000000000030e0        0xc f:/ohjelmat/microchip/xc8/v2.32/avr/bin/../lib/gcc/avr/5.4.0/avrxmega3\libgcc.a(_tablejump2.o)
                0x00000000000030e0                __tablejump2__

.text.vListInitialiseItem
                0x00000000000030ec        0x8
 .text.vListInitialiseItem
                0x00000000000030ec        0x8 build/default/production/FreeRTOS/Source/list.o
                0x00000000000030ec                vListInitialiseItem

.text.vTaskMissedYield
                0x00000000000030f4        0x8
 .text.vTaskMissedYield
                0x00000000000030f4        0x8 build/default/production/FreeRTOS/Source/tasks.o
                0x00000000000030f4                vTaskMissedYield

.rodata         0x00000000008070fc        0x5 load address 0x00000000000030fc
 .rodata        0x00000000008070fc        0x5 build/default/production/FreeRTOS/Source/tasks.o

.text           0x0000000000003102        0x4
 .text          0x0000000000003102        0x4 F:/Ohjelmat/MPLABX/v5.50/packs/Microchip/ATmega_DFP/2.3.126/xc8/avr/lib/avrxmega3/crtatmega4809.o
                0x0000000000003102                __vector_38
                0x0000000000003102                __vector_22
                0x0000000000003102                __vector_28
                0x0000000000003102                __vector_1
                0x0000000000003102                __vector_32
                0x0000000000003102                __vector_34
                0x0000000000003102                __vector_24
                0x0000000000003102                __bad_interrupt
                0x0000000000003102                __vector_6
                0x0000000000003102                __vector_31
                0x0000000000003102                __vector_35
                0x0000000000003102                __vector_39
                0x0000000000003102                __vector_3
                0x0000000000003102                __vector_23
                0x0000000000003102                __vector_30
                0x0000000000003102                __vector_25
                0x0000000000003102                __vector_11
                0x0000000000003102                __vector_13
                0x0000000000003102                __vector_17
                0x0000000000003102                __vector_19
                0x0000000000003102                __vector_7
                0x0000000000003102                __vector_27
                0x0000000000003102                __vector_5
                0x0000000000003102                __vector_33
                0x0000000000003102                __vector_37
                0x0000000000003102                __vector_4
                0x0000000000003102                __vector_9
                0x0000000000003102                __vector_2
                0x0000000000003102                __vector_21
                0x0000000000003102                __vector_15
                0x0000000000003102                __vector_36
                0x0000000000003102                __vector_29
                0x0000000000003102                __vector_8
                0x0000000000003102                __vector_26
                0x0000000000003102                __vector_14
                0x0000000000003102                __vector_10
                0x0000000000003102                __vector_16
                0x0000000000003102                __vector_18
                0x0000000000003102                __vector_20

.rodata         0x0000000000807106        0x4 load address 0x0000000000003106
 .rodata        0x0000000000807106        0x4 build/default/production/dummy.o

.text.vPortFree
                0x000000000000310a        0x2
 .text.vPortFree
                0x000000000000310a        0x2 build/default/production/FreeRTOS/Source/portable/MemMang/heap_1.o
                0x000000000000310a                vPortFree
